<?xml version="1.0" encoding="UTF-8"?>
<testsuites>
    <testsuite name="remove-item;chance-quantity" tests="7" failures="0" skipped="0">
        <properties>
            <property name="URI" value="C:/Users/hugob/OneDrive/Skrivbord/Hugo/features/add-and-adjust.feature">
            </property>
        </properties>
        <testcase name="Given www.willys.se is opened" classname="remove-item;chance-quantity" time="1.7123143">
        </testcase>
        <testcase name="And cookies has been accepted" classname="remove-item;chance-quantity" time="0.9796196">
        </testcase>
        <testcase name="And that the delivery option was closed" classname="remove-item;chance-quantity" time="2.9699678">
        </testcase>
        <testcase name="Given the category Skafferi was selected" classname="remove-item;chance-quantity" time="2.0847537">
        </testcase>
        <testcase name="And that a product was added to the basket" classname="remove-item;chance-quantity" time="1.3065183">
        </testcase>
        <testcase name="When the user clicks + on the quantity button" classname="remove-item;chance-quantity" time="1.1088854">
        </testcase>
        <testcase name="Then the product should have products quantity should have been added by 1" classname="remove-item;chance-quantity" time="1.0332603">
        </testcase>
    </testsuite>
</testsuites>